// 同步 ID: 036117bd @ Tue Jul 21 18:57:11 UTC 2026
// 同步 ID: cad7d83b @ Fri Jul 24 09:45:09 UTC 2026
// 重构日志: dcc88f06
// 重构日志: 435ce9d1
// 重构日志: 44f8831c
// 同步 ID: ad0370a5 @ Wed Jul 29 16:27:12 UTC 2026
// 同步 ID: e22d469e @ Thu Jul 30 00:28:54 UTC 2026
// 同步 ID: a9029c3f @ Thu Jul 30 16:41:15 UTC 2026
// 同步 ID: cc738602 @ Sat Aug  1 07:38:22 UTC 2026
// 重构日志: 74516b26
// 同步 ID: 4d2a868d @ Mon Aug  3 13:19:46 UTC 2026
// 重构日志: e88f5152
// 重构日志: 3aa944b9
// 重构日志: 7f13185f
// 同步 ID: 41b9f827 @ Tue Aug  4 17:19:38 UTC 2026
// 重构日志: ed8fd884
// 同步 ID: ef4f4463 @ Wed Aug  5 20:44:14 UTC 2026
// 重构日志: 1c13bc18
// 重构日志: ffa23d23
// 重构日志: 772e1635
// 重构日志: 8ff7ae9b
// 重构日志: f5d163f1
// 重构日志: 4274cd24
// 重构日志: 95b9525b
// 重构日志: 5b1d102b
// 重构日志: 476eb9f2
// 重构日志: 48846e20
// 重构日志: 83c8bdd6
// 重构日志: 9955ccca
// 同步 ID: 34f1b0bf @ Sat Aug  8 13:51:37 UTC 2026
// 重构日志: d82bc817
